// Jest Snapshot v1, https://goo.gl/fbAQLP

exports[`Electoral Group Render Correctly 1`] = `
ShallowWrapper {
  Symbol(enzyme.__root__): [Circular],
  Symbol(enzyme.__unrendered__): <ElectoralGroup />,
  Symbol(enzyme.__renderer__): Object {
    "batchedUpdates": [Function],
    "checkPropTypes": [Function],
    "getNode": [Function],
    "render": [Function],
    "simulateError": [Function],
    "simulateEvent": [Function],
    "unmount": [Function],
  },
  Symbol(enzyme.__node__): Object {
    "instance": null,
    "key": undefined,
    "nodeType": "function",
    "props": Object {
      "children": Array [
        <Header />,
        <Container
          className="mt--7"
          tag="div"
        >
          <Row
            tag="div"
          >
            <Col
              sm="12"
              tag="div"
              widths={
                Array [
                  "xs",
                  "sm",
                  "md",
                  "lg",
                  "xl",
                ]
              }
            >
              <Card
                tag="div"
              >
                <div
                  className="d-flex justify-content-center mb-3 p-4"
                >
                  <img
                    alt="uvote logo"
                    height="125px"
                    src={
                      Object {
                        "ReactComponent": Object {
                          "$$typeof": Symbol(react.forward_ref),
                          "render": [Function],
                        },
                        "__esModule": true,
                        "default": "logo-color.svg",
                      }
                    }
                    width="auto"
                  />
                </div>
                <h2
                  className="text-center"
                >
                  Loading ...
                </h2>
              </Card>
            </Col>
          </Row>
        </Container>,
        <Toast />,
      ],
    },
    "ref": null,
    "rendered": Array [
      Object {
        "instance": null,
        "key": undefined,
        "nodeType": "function",
        "props": Object {},
        "ref": null,
        "rendered": null,
        "type": [Function],
      },
      Object {
        "instance": null,
        "key": undefined,
        "nodeType": "function",
        "props": Object {
          "children": <Row
            tag="div"
          >
            <Col
              sm="12"
              tag="div"
              widths={
                Array [
                  "xs",
                  "sm",
                  "md",
                  "lg",
                  "xl",
                ]
              }
            >
              <Card
                tag="div"
              >
                <div
                  className="d-flex justify-content-center mb-3 p-4"
                >
                  <img
                    alt="uvote logo"
                    height="125px"
                    src={
                      Object {
                        "ReactComponent": Object {
                          "$$typeof": Symbol(react.forward_ref),
                          "render": [Function],
                        },
                        "__esModule": true,
                        "default": "logo-color.svg",
                      }
                    }
                    width="auto"
                  />
                </div>
                <h2
                  className="text-center"
                >
                  Loading ...
                </h2>
              </Card>
            </Col>
          </Row>,
          "className": "mt--7",
          "tag": "div",
        },
        "ref": null,
        "rendered": Object {
          "instance": null,
          "key": undefined,
          "nodeType": "function",
          "props": Object {
            "children": <Col
              sm="12"
              tag="div"
              widths={
                Array [
                  "xs",
                  "sm",
                  "md",
                  "lg",
                  "xl",
                ]
              }
            >
              <Card
                tag="div"
              >
                <div
                  className="d-flex justify-content-center mb-3 p-4"
                >
                  <img
                    alt="uvote logo"
                    height="125px"
                    src={
                      Object {
                        "ReactComponent": Object {
                          "$$typeof": Symbol(react.forward_ref),
                          "render": [Function],
                        },
                        "__esModule": true,
                        "default": "logo-color.svg",
                      }
                    }
                    width="auto"
                  />
                </div>
                <h2
                  className="text-center"
                >
                  Loading ...
                </h2>
              </Card>
            </Col>,
            "tag": "div",
          },
          "ref": null,
          "rendered": Object {
            "instance": null,
            "key": undefined,
            "nodeType": "function",
            "props": Object {
              "children": <Card
                tag="div"
              >
                <div
                  className="d-flex justify-content-center mb-3 p-4"
                >
                  <img
                    alt="uvote logo"
                    height="125px"
                    src={
                      Object {
                        "ReactComponent": Object {
                          "$$typeof": Symbol(react.forward_ref),
                          "render": [Function],
                        },
                        "__esModule": true,
                        "default": "logo-color.svg",
                      }
                    }
                    width="auto"
                  />
                </div>
                <h2
                  className="text-center"
                >
                  Loading ...
                </h2>
              </Card>,
              "sm": "12",
              "tag": "div",
              "widths": Array [
                "xs",
                "sm",
                "md",
                "lg",
                "xl",
              ],
            },
            "ref": null,
            "rendered": Object {
              "instance": null,
              "key": undefined,
              "nodeType": "function",
              "props": Object {
                "children": Array [
                  <div
                    className="d-flex justify-content-center mb-3 p-4"
                  >
                    <img
                      alt="uvote logo"
                      height="125px"
                      src={
                        Object {
                          "ReactComponent": Object {
                            "$$typeof": Symbol(react.forward_ref),
                            "render": [Function],
                          },
                          "__esModule": true,
                          "default": "logo-color.svg",
                        }
                      }
                      width="auto"
                    />
                  </div>,
                  <h2
                    className="text-center"
                  >
                    Loading ...
                  </h2>,
                ],
                "tag": "div",
              },
              "ref": null,
              "rendered": Array [
                Object {
                  "instance": null,
                  "key": undefined,
                  "nodeType": "host",
                  "props": Object {
                    "children": <img
                      alt="uvote logo"
                      height="125px"
                      src={
                        Object {
                          "ReactComponent": Object {
                            "$$typeof": Symbol(react.forward_ref),
                            "render": [Function],
                          },
                          "__esModule": true,
                          "default": "logo-color.svg",
                        }
                      }
                      width="auto"
                    />,
                    "className": "d-flex justify-content-center mb-3 p-4",
                  },
                  "ref": null,
                  "rendered": Object {
                    "instance": null,
                    "key": undefined,
                    "nodeType": "host",
                    "props": Object {
                      "alt": "uvote logo",
                      "height": "125px",
                      "src": Object {
                        "ReactComponent": Object {
                          "$$typeof": Symbol(react.forward_ref),
                          "render": [Function],
                        },
                        "__esModule": true,
                        "default": "logo-color.svg",
                      },
                      "width": "auto",
                    },
                    "ref": null,
                    "rendered": null,
                    "type": "img",
                  },
                  "type": "div",
                },
                Object {
                  "instance": null,
                  "key": undefined,
                  "nodeType": "host",
                  "props": Object {
                    "children": "Loading ...",
                    "className": "text-center",
                  },
                  "ref": null,
                  "rendered": "Loading ...",
                  "type": "h2",
                },
              ],
              "type": [Function],
            },
            "type": [Function],
          },
          "type": [Function],
        },
        "type": [Function],
      },
      Object {
        "instance": null,
        "key": undefined,
        "nodeType": "function",
        "props": Object {},
        "ref": null,
        "rendered": null,
        "type": [Function],
      },
    ],
    "type": Symbol(react.fragment),
  },
  Symbol(enzyme.__nodes__): Array [
    Object {
      "instance": null,
      "key": undefined,
      "nodeType": "function",
      "props": Object {
        "children": Array [
          <Header />,
          <Container
            className="mt--7"
            tag="div"
          >
            <Row
              tag="div"
            >
              <Col
                sm="12"
                tag="div"
                widths={
                  Array [
                    "xs",
                    "sm",
                    "md",
                    "lg",
                    "xl",
                  ]
                }
              >
                <Card
                  tag="div"
                >
                  <div
                    className="d-flex justify-content-center mb-3 p-4"
                  >
                    <img
                      alt="uvote logo"
                      height="125px"
                      src={
                        Object {
                          "ReactComponent": Object {
                            "$$typeof": Symbol(react.forward_ref),
                            "render": [Function],
                          },
                          "__esModule": true,
                          "default": "logo-color.svg",
                        }
                      }
                      width="auto"
                    />
                  </div>
                  <h2
                    className="text-center"
                  >
                    Loading ...
                  </h2>
                </Card>
              </Col>
            </Row>
          </Container>,
          <Toast />,
        ],
      },
      "ref": null,
      "rendered": Array [
        Object {
          "instance": null,
          "key": undefined,
          "nodeType": "function",
          "props": Object {},
          "ref": null,
          "rendered": null,
          "type": [Function],
        },
        Object {
          "instance": null,
          "key": undefined,
          "nodeType": "function",
          "props": Object {
            "children": <Row
              tag="div"
            >
              <Col
                sm="12"
                tag="div"
                widths={
                  Array [
                    "xs",
                    "sm",
                    "md",
                    "lg",
                    "xl",
                  ]
                }
              >
                <Card
                  tag="div"
                >
                  <div
                    className="d-flex justify-content-center mb-3 p-4"
                  >
                    <img
                      alt="uvote logo"
                      height="125px"
                      src={
                        Object {
                          "ReactComponent": Object {
                            "$$typeof": Symbol(react.forward_ref),
                            "render": [Function],
                          },
                          "__esModule": true,
                          "default": "logo-color.svg",
                        }
                      }
                      width="auto"
                    />
                  </div>
                  <h2
                    className="text-center"
                  >
                    Loading ...
                  </h2>
                </Card>
              </Col>
            </Row>,
            "className": "mt--7",
            "tag": "div",
          },
          "ref": null,
          "rendered": Object {
            "instance": null,
            "key": undefined,
            "nodeType": "function",
            "props": Object {
              "children": <Col
                sm="12"
                tag="div"
                widths={
                  Array [
                    "xs",
                    "sm",
                    "md",
                    "lg",
                    "xl",
                  ]
                }
              >
                <Card
                  tag="div"
                >
                  <div
                    className="d-flex justify-content-center mb-3 p-4"
                  >
                    <img
                      alt="uvote logo"
                      height="125px"
                      src={
                        Object {
                          "ReactComponent": Object {
                            "$$typeof": Symbol(react.forward_ref),
                            "render": [Function],
                          },
                          "__esModule": true,
                          "default": "logo-color.svg",
                        }
                      }
                      width="auto"
                    />
                  </div>
                  <h2
                    className="text-center"
                  >
                    Loading ...
                  </h2>
                </Card>
              </Col>,
              "tag": "div",
            },
            "ref": null,
            "rendered": Object {
              "instance": null,
              "key": undefined,
              "nodeType": "function",
              "props": Object {
                "children": <Card
                  tag="div"
                >
                  <div
                    className="d-flex justify-content-center mb-3 p-4"
                  >
                    <img
                      alt="uvote logo"
                      height="125px"
                      src={
                        Object {
                          "ReactComponent": Object {
                            "$$typeof": Symbol(react.forward_ref),
                            "render": [Function],
                          },
                          "__esModule": true,
                          "default": "logo-color.svg",
                        }
                      }
                      width="auto"
                    />
                  </div>
                  <h2
                    className="text-center"
                  >
                    Loading ...
                  </h2>
                </Card>,
                "sm": "12",
                "tag": "div",
                "widths": Array [
                  "xs",
                  "sm",
                  "md",
                  "lg",
                  "xl",
                ],
              },
              "ref": null,
              "rendered": Object {
                "instance": null,
                "key": undefined,
                "nodeType": "function",
                "props": Object {
                  "children": Array [
                    <div
                      className="d-flex justify-content-center mb-3 p-4"
                    >
                      <img
                        alt="uvote logo"
                        height="125px"
                        src={
                          Object {
                            "ReactComponent": Object {
                              "$$typeof": Symbol(react.forward_ref),
                              "render": [Function],
                            },
                            "__esModule": true,
                            "default": "logo-color.svg",
                          }
                        }
                        width="auto"
                      />
                    </div>,
                    <h2
                      className="text-center"
                    >
                      Loading ...
                    </h2>,
                  ],
                  "tag": "div",
                },
                "ref": null,
                "rendered": Array [
                  Object {
                    "instance": null,
                    "key": undefined,
                    "nodeType": "host",
                    "props": Object {
                      "children": <img
                        alt="uvote logo"
                        height="125px"
                        src={
                          Object {
                            "ReactComponent": Object {
                              "$$typeof": Symbol(react.forward_ref),
                              "render": [Function],
                            },
                            "__esModule": true,
                            "default": "logo-color.svg",
                          }
                        }
                        width="auto"
                      />,
                      "className": "d-flex justify-content-center mb-3 p-4",
                    },
                    "ref": null,
                    "rendered": Object {
                      "instance": null,
                      "key": undefined,
                      "nodeType": "host",
                      "props": Object {
                        "alt": "uvote logo",
                        "height": "125px",
                        "src": Object {
                          "ReactComponent": Object {
                            "$$typeof": Symbol(react.forward_ref),
                            "render": [Function],
                          },
                          "__esModule": true,
                          "default": "logo-color.svg",
                        },
                        "width": "auto",
                      },
                      "ref": null,
                      "rendered": null,
                      "type": "img",
                    },
                    "type": "div",
                  },
                  Object {
                    "instance": null,
                    "key": undefined,
                    "nodeType": "host",
                    "props": Object {
                      "children": "Loading ...",
                      "className": "text-center",
                    },
                    "ref": null,
                    "rendered": "Loading ...",
                    "type": "h2",
                  },
                ],
                "type": [Function],
              },
              "type": [Function],
            },
            "type": [Function],
          },
          "type": [Function],
        },
        Object {
          "instance": null,
          "key": undefined,
          "nodeType": "function",
          "props": Object {},
          "ref": null,
          "rendered": null,
          "type": [Function],
        },
      ],
      "type": Symbol(react.fragment),
    },
  ],
  Symbol(enzyme.__options__): Object {
    "adapter": ReactSixteenAdapter {
      "options": Object {
        "enableComponentDidUpdateOnSetState": true,
        "legacyContextMode": "parent",
        "lifecycles": Object {
          "componentDidUpdate": Object {
            "onSetState": true,
          },
          "getChildContext": Object {
            "calledByRenderer": false,
          },
          "getDerivedStateFromError": true,
          "getDerivedStateFromProps": Object {
            "hasShouldComponentUpdateBug": false,
          },
          "getSnapshotBeforeUpdate": true,
          "setState": Object {
            "skipsComponentDidUpdateOnNullish": true,
          },
        },
      },
    },
  },
}
`;
