// Jest Snapshot v1, https://goo.gl/fbAQLP

exports[`Electoral Groups Render Correctly 1`] = `
ShallowWrapper {
  Symbol(enzyme.__root__): [Circular],
  Symbol(enzyme.__unrendered__): <Postulation />,
  Symbol(enzyme.__renderer__): Object {
    "batchedUpdates": [Function],
    "checkPropTypes": [Function],
    "getNode": [Function],
    "render": [Function],
    "simulateError": [Function],
    "simulateEvent": [Function],
    "unmount": [Function],
  },
  Symbol(enzyme.__node__): Object {
    "instance": null,
    "key": undefined,
    "nodeType": "function",
    "props": Object {
      "children": Array [
        <Header />,
        <Container
          className="mt--7"
          fluid={true}
          tag="div"
        >
          <Row
            tag="div"
          >
            <Col
              sm="12"
              tag="div"
              widths={
                Array [
                  "xs",
                  "sm",
                  "md",
                  "lg",
                  "xl",
                ]
              }
            >
              <Card
                tag="div"
              >
                <Loading />
              </Card>
            </Col>
          </Row>
        </Container>,
      ],
    },
    "ref": null,
    "rendered": Array [
      Object {
        "instance": null,
        "key": undefined,
        "nodeType": "function",
        "props": Object {},
        "ref": null,
        "rendered": null,
        "type": [Function],
      },
      Object {
        "instance": null,
        "key": undefined,
        "nodeType": "function",
        "props": Object {
          "children": <Row
            tag="div"
          >
            <Col
              sm="12"
              tag="div"
              widths={
                Array [
                  "xs",
                  "sm",
                  "md",
                  "lg",
                  "xl",
                ]
              }
            >
              <Card
                tag="div"
              >
                <Loading />
              </Card>
            </Col>
          </Row>,
          "className": "mt--7",
          "fluid": true,
          "tag": "div",
        },
        "ref": null,
        "rendered": Object {
          "instance": null,
          "key": undefined,
          "nodeType": "function",
          "props": Object {
            "children": <Col
              sm="12"
              tag="div"
              widths={
                Array [
                  "xs",
                  "sm",
                  "md",
                  "lg",
                  "xl",
                ]
              }
            >
              <Card
                tag="div"
              >
                <Loading />
              </Card>
            </Col>,
            "tag": "div",
          },
          "ref": null,
          "rendered": Object {
            "instance": null,
            "key": undefined,
            "nodeType": "function",
            "props": Object {
              "children": <Card
                tag="div"
              >
                <Loading />
              </Card>,
              "sm": "12",
              "tag": "div",
              "widths": Array [
                "xs",
                "sm",
                "md",
                "lg",
                "xl",
              ],
            },
            "ref": null,
            "rendered": Object {
              "instance": null,
              "key": undefined,
              "nodeType": "function",
              "props": Object {
                "children": <Loading />,
                "tag": "div",
              },
              "ref": null,
              "rendered": Object {
                "instance": null,
                "key": undefined,
                "nodeType": "function",
                "props": Object {},
                "ref": null,
                "rendered": null,
                "type": [Function],
              },
              "type": [Function],
            },
            "type": [Function],
          },
          "type": [Function],
        },
        "type": [Function],
      },
    ],
    "type": Symbol(react.fragment),
  },
  Symbol(enzyme.__nodes__): Array [
    Object {
      "instance": null,
      "key": undefined,
      "nodeType": "function",
      "props": Object {
        "children": Array [
          <Header />,
          <Container
            className="mt--7"
            fluid={true}
            tag="div"
          >
            <Row
              tag="div"
            >
              <Col
                sm="12"
                tag="div"
                widths={
                  Array [
                    "xs",
                    "sm",
                    "md",
                    "lg",
                    "xl",
                  ]
                }
              >
                <Card
                  tag="div"
                >
                  <Loading />
                </Card>
              </Col>
            </Row>
          </Container>,
        ],
      },
      "ref": null,
      "rendered": Array [
        Object {
          "instance": null,
          "key": undefined,
          "nodeType": "function",
          "props": Object {},
          "ref": null,
          "rendered": null,
          "type": [Function],
        },
        Object {
          "instance": null,
          "key": undefined,
          "nodeType": "function",
          "props": Object {
            "children": <Row
              tag="div"
            >
              <Col
                sm="12"
                tag="div"
                widths={
                  Array [
                    "xs",
                    "sm",
                    "md",
                    "lg",
                    "xl",
                  ]
                }
              >
                <Card
                  tag="div"
                >
                  <Loading />
                </Card>
              </Col>
            </Row>,
            "className": "mt--7",
            "fluid": true,
            "tag": "div",
          },
          "ref": null,
          "rendered": Object {
            "instance": null,
            "key": undefined,
            "nodeType": "function",
            "props": Object {
              "children": <Col
                sm="12"
                tag="div"
                widths={
                  Array [
                    "xs",
                    "sm",
                    "md",
                    "lg",
                    "xl",
                  ]
                }
              >
                <Card
                  tag="div"
                >
                  <Loading />
                </Card>
              </Col>,
              "tag": "div",
            },
            "ref": null,
            "rendered": Object {
              "instance": null,
              "key": undefined,
              "nodeType": "function",
              "props": Object {
                "children": <Card
                  tag="div"
                >
                  <Loading />
                </Card>,
                "sm": "12",
                "tag": "div",
                "widths": Array [
                  "xs",
                  "sm",
                  "md",
                  "lg",
                  "xl",
                ],
              },
              "ref": null,
              "rendered": Object {
                "instance": null,
                "key": undefined,
                "nodeType": "function",
                "props": Object {
                  "children": <Loading />,
                  "tag": "div",
                },
                "ref": null,
                "rendered": Object {
                  "instance": null,
                  "key": undefined,
                  "nodeType": "function",
                  "props": Object {},
                  "ref": null,
                  "rendered": null,
                  "type": [Function],
                },
                "type": [Function],
              },
              "type": [Function],
            },
            "type": [Function],
          },
          "type": [Function],
        },
      ],
      "type": Symbol(react.fragment),
    },
  ],
  Symbol(enzyme.__options__): Object {
    "adapter": ReactSixteenAdapter {
      "options": Object {
        "enableComponentDidUpdateOnSetState": true,
        "legacyContextMode": "parent",
        "lifecycles": Object {
          "componentDidUpdate": Object {
            "onSetState": true,
          },
          "getChildContext": Object {
            "calledByRenderer": false,
          },
          "getDerivedStateFromError": true,
          "getDerivedStateFromProps": Object {
            "hasShouldComponentUpdateBug": false,
          },
          "getSnapshotBeforeUpdate": true,
          "setState": Object {
            "skipsComponentDidUpdateOnNullish": true,
          },
        },
      },
    },
  },
}
`;
